// Jest Snapshot v1, https://goo.gl/fbAQLP

exports[`snapshot Test 1`] = `
Array [
  <nav
    className="navbar navbar-dark bg-dark navbar-expand-sm"
  >
    <a
      className="navbar-brand"
      href="/"
    >
      React Redux -Checkbox Application
    </a>
  </nav>,
  <div
    className="container mt-3"
  >
    <div
      className="row"
    >
      <div
        className="col-md-8"
      >
        <div
          className="card"
        >
          <div
            className="card-header bg-secondary text-white"
          >
            <p
              className="h4"
            >
              Hobby Selector
            </p>
          </div>
          <div
            className="card-body"
          >
            <div
              className="row"
            >
              <div
                className="col-md-4"
              >
                <div
                  className="form-check"
                >
                  <input
                    className="form-check-input"
                    id="defaultCheck1"
                    name="eating"
                    onChange={[Function]}
                    type="checkbox"
                  />
                  <label
                    className="form-check-label"
                    htmlFor="defaultCheck1"
                  >
                    Eating
                  </label>
                </div>
                <div
                  className="form-check"
                >
                  <input
                    className="form-check-input"
                    id="defaultCheck2"
                    name="coding"
                    onChange={[Function]}
                    type="checkbox"
                  />
                  <label
                    className="form-check-label"
                    htmlFor="defaultCheck2"
                  >
                    Coding
                  </label>
                </div>
                <div
                  className="form-check"
                >
                  <input
                    className="form-check-input"
                    id="defaultCheck3"
                    name="sleeping"
                    onChange={[Function]}
                    type="checkbox"
                  />
                  <label
                    className="form-check-label"
                    htmlFor="defaultCheck3"
                  >
                    Sleeping
                  </label>
                </div>
              </div>
              <div
                className="col-md-8"
              />
            </div>
          </div>
        </div>
      </div>
    </div>
  </div>,
  <div
    style={
      Object {
        "marginBottom": "200px",
      }
    }
  />,
]
`;
